Warning: constraints.sdc line 62, unknown field nets.
Warning: constraints.sdc line 62, report_checks -endpoint_count is deprecated. Use -endpoint_path_count instead.
Startpoint: rst_n (input port clocked by CLK)
Endpoint: _3_ (removal check against rising-edge clock CLK)
Path Group: asynchronous
Path Type: min

Fanout       Cap      Slew     Delay      Time   Description
-------------------------------------------------------------------------------------
                    0.1000    0.0000    0.0000   clock CLK (rise edge)
                              1.5000    1.5000   clock network delay (ideal)
                              0.5000    2.0000 ^ input external delay
     2    3.5571    0.1000    0.0000    2.0000 ^ rst_n (in)
                    0.1000    0.0000    2.0000 ^ _3_/RN (DFFR_X1)
                                        2.0000   data arrival time

                    0.1000    0.0000    0.0000   clock CLK (rise edge)
                              1.5000    1.5000   clock network delay (ideal)
                              0.0000    1.5000   clock reconvergence pessimism
                                        1.5000 ^ _3_/CK (DFFR_X1)
                              0.3194    1.8194   library removal time
                                        1.8194   data required time
-------------------------------------------------------------------------------------
                                        1.8194   data required time
                                       -2.0000   data arrival time
-------------------------------------------------------------------------------------
                                        0.1806   slack (MET)


Startpoint: rst_n (input port clocked by CLK)
Endpoint: _2_ (removal check against rising-edge clock CLK_G)
Path Group: asynchronous
Path Type: min

Fanout       Cap      Slew     Delay      Time   Description
-------------------------------------------------------------------------------------
                    0.1000    0.0000    0.0000   clock CLK (rise edge)
                              1.5000    1.5000   clock network delay (ideal)
                              0.5000    2.0000 ^ input external delay
     2    3.5571    0.1000    0.0000    2.0000 ^ rst_n (in)
                    0.1000    0.0000    2.0000 ^ _2_/RN (DFFR_X1)
                                        2.0000   data arrival time

                    0.0000    0.0000    0.0000   clock CLK_G (rise edge)
                              0.0000    0.0000   clock network delay (ideal)
                              0.0000    0.0000   clock reconvergence pessimism
                                        0.0000 ^ _2_/CK (DFFR_X1)
                              0.3063    0.3063   library removal time
                                        0.3063   data required time
-------------------------------------------------------------------------------------
                                        0.3063   data required time
                                       -2.0000   data arrival time
-------------------------------------------------------------------------------------
                                        1.6937   slack (MET)


Startpoint: _2_ (rising edge-triggered flip-flop clocked by CLK_G)
Endpoint: q1 (output port clocked by CLK)
Path Group: CLK
Path Type: min

Fanout       Cap      Slew     Delay      Time   Description
-------------------------------------------------------------------------------------
                    0.0000    0.0000    0.0000   clock CLK_G (rise edge)
                              0.0000    0.0000   clock network delay (ideal)
                    0.0000    0.0000    0.0000 ^ _2_/CK (DFFR_X1)
     1    0.0000    0.0065    0.0944    0.0944 ^ _2_/Q (DFFR_X1)
                    0.0065    0.0000    0.0944 ^ q1 (out)
                                        0.0944   data arrival time

                    0.1000    0.0000    0.0000   clock CLK (rise edge)
                              1.5000    1.5000   clock network delay (ideal)
                              0.0000    1.5000   clock reconvergence pessimism
                             -0.2000    1.3000   output external delay
                                        1.3000   data required time
-------------------------------------------------------------------------------------
                                        1.3000   data required time
                                       -0.0944   data arrival time
-------------------------------------------------------------------------------------
                                       -1.2056   slack (VIOLATED)


Startpoint: d (input port clocked by CLK)
Endpoint: _3_ (rising edge-triggered flip-flop clocked by CLK)
Path Group: CLK
Path Type: min

Fanout       Cap      Slew     Delay      Time   Description
-------------------------------------------------------------------------------------
                    0.1000    0.0000    0.0000   clock CLK (rise edge)
                              1.5000    1.5000   clock network delay (ideal)
                              0.1000    1.6000 v input external delay
     2    4.0874    0.0500    0.0000    1.6000 v d (in)
                    0.0500    0.0000    1.6000 v _3_/D (DFFR_X1)
                                        1.6000   data arrival time

                    0.1000    0.0000    0.0000   clock CLK (rise edge)
                              1.5000    1.5000   clock network delay (ideal)
                              0.0000    1.5000   clock reconvergence pessimism
                                        1.5000 ^ _3_/CK (DFFR_X1)
                              0.0121    1.5121   library hold time
                                        1.5121   data required time
-------------------------------------------------------------------------------------
                                        1.5121   data required time
                                       -1.6000   data arrival time
-------------------------------------------------------------------------------------
                                        0.0879   slack (MET)


Startpoint: _3_ (rising edge-triggered flip-flop clocked by CLK)
Endpoint: _2_ (rising edge-triggered flip-flop clocked by CLK_G)
Path Group: CLK_G
Path Type: min

Fanout       Cap      Slew     Delay      Time   Description
-------------------------------------------------------------------------------------
                    0.1000    0.0000    0.0000   clock CLK (rise edge)
                              1.5000    1.5000   clock network delay (ideal)
                    0.1000    0.0000    1.5000 ^ _3_/CK (DFFR_X1)
     2    9.0339    0.0137    0.1146    1.6146 v _3_/Q (DFFR_X1)
                    0.0137    0.0000    1.6146 v _4_/A (BUF_X8)
     1    1.0527    0.0039    0.0245    1.6391 v _4_/Z (BUF_X8)
                    0.0039    0.0000    1.6391 v _2_/D (DFFR_X1)
                                        1.6391   data arrival time

                    0.0000    0.0000    0.0000   clock CLK_G (rise edge)
                              0.0000    0.0000   clock network delay (ideal)
                              0.0000    0.0000   clock reconvergence pessimism
                                        0.0000 ^ _2_/CK (DFFR_X1)
                              0.2000    0.2000   library hold time
                                        0.2000   data required time
-------------------------------------------------------------------------------------
                                        0.2000   data required time
                                       -1.6391   data arrival time
-------------------------------------------------------------------------------------
                                        1.4391   slack (MET)


Startpoint: rst_n (input port clocked by CLK)
Endpoint: _2_ (recovery check against rising-edge clock CLK_G)
Path Group: asynchronous
Path Type: max

Fanout       Cap      Slew     Delay      Time   Description
-------------------------------------------------------------------------------------
                    0.1000    0.0000    0.0000   clock CLK (rise edge)
                              1.5000    1.5000   clock network delay (ideal)
                              2.0000    3.5000 ^ input external delay
     2    3.5571    0.8000    0.0000    3.5000 ^ rst_n (in)
                    0.8000    0.0000    3.5000 ^ _2_/RN (DFFR_X1)
                                        3.5000   data arrival time

                    0.0000    5.0000    5.0000   clock CLK_G (rise edge)
                              0.0000    5.0000   clock network delay (ideal)
                              0.0000    5.0000   clock reconvergence pessimism
                                        5.0000 ^ _2_/CK (DFFR_X1)
                             -0.1325    4.8675   library recovery time
                                        4.8675   data required time
-------------------------------------------------------------------------------------
                                        4.8675   data required time
                                       -3.5000   data arrival time
-------------------------------------------------------------------------------------
                                        1.3675   slack (MET)


Startpoint: rst_n (input port clocked by CLK)
Endpoint: _3_ (recovery check against rising-edge clock CLK)
Path Group: asynchronous
Path Type: max

Fanout       Cap      Slew     Delay      Time   Description
-------------------------------------------------------------------------------------
                    0.1000    0.0000    0.0000   clock CLK (rise edge)
                              1.5000    1.5000   clock network delay (ideal)
                              2.0000    3.5000 ^ input external delay
     2    3.5571    0.8000    0.0000    3.5000 ^ rst_n (in)
                    0.8000    0.0000    3.5000 ^ _3_/RN (DFFR_X1)
                                        3.5000   data arrival time

                    0.1000   10.0000   10.0000   clock CLK (rise edge)
                              1.5000   11.5000   clock network delay (ideal)
                              0.0000   11.5000   clock reconvergence pessimism
                                       11.5000 ^ _3_/CK (DFFR_X1)
                             -0.0973   11.4027   library recovery time
                                       11.4027   data required time
-------------------------------------------------------------------------------------
                                       11.4027   data required time
                                       -3.5000   data arrival time
-------------------------------------------------------------------------------------
                                        7.9027   slack (MET)


Startpoint: _2_ (rising edge-triggered flip-flop clocked by CLK_G)
Endpoint: q1 (output port clocked by CLK)
Path Group: CLK
Path Type: max

Fanout       Cap      Slew     Delay      Time   Description
-------------------------------------------------------------------------------------
                    0.0000    5.0000    5.0000   clock CLK_G (rise edge)
                              0.0000    5.0000   clock network delay (ideal)
                    0.0000    0.0000    5.0000 ^ _2_/CK (DFFR_X1)
     1    0.0000    0.0050    0.0807    5.0807 v _2_/Q (DFFR_X1)
                    0.0050    0.0000    5.0807 v q1 (out)
                                        5.0807   data arrival time

                    0.1000   10.0000   10.0000   clock CLK (rise edge)
                              1.5000   11.5000   clock network delay (ideal)
                              0.0000   11.5000   clock reconvergence pessimism
                             -1.8000    9.7000   output external delay
                                        9.7000   data required time
-------------------------------------------------------------------------------------
                                        9.7000   data required time
                                       -5.0807   data arrival time
-------------------------------------------------------------------------------------
                                        4.6193   slack (MET)


Startpoint: d (input port clocked by CLK)
Endpoint: _3_ (rising edge-triggered flip-flop clocked by CLK)
Path Group: CLK
Path Type: max

Fanout       Cap      Slew     Delay      Time   Description
-------------------------------------------------------------------------------------
                    0.1000    0.0000    0.0000   clock CLK (rise edge)
                              1.5000    1.5000   clock network delay (ideal)
                              2.5000    4.0000 v input external delay
     2    4.0874    0.6000    0.0000    4.0000 v d (in)
                    0.6000    0.0000    4.0000 v _3_/D (DFFR_X1)
                                        4.0000   data arrival time

                    0.1000   10.0000   10.0000   clock CLK (rise edge)
                              1.5000   11.5000   clock network delay (ideal)
                              0.0000   11.5000   clock reconvergence pessimism
                                       11.5000 ^ _3_/CK (DFFR_X1)
                             -0.5000   11.0000   library setup time
                                       11.0000   data required time
-------------------------------------------------------------------------------------
                                       11.0000   data required time
                                       -4.0000   data arrival time
-------------------------------------------------------------------------------------
                                        7.0000   slack (MET)


Startpoint: _3_ (rising edge-triggered flip-flop clocked by CLK)
Endpoint: _2_ (rising edge-triggered flip-flop clocked by CLK_G)
Path Group: CLK_G
Path Type: max

Fanout       Cap      Slew     Delay      Time   Description
-------------------------------------------------------------------------------------
                    0.1000    0.0000    0.0000   clock CLK (rise edge)
                              1.5000    1.5000   clock network delay (ideal)
                    0.1000    0.0000    1.5000 ^ _3_/CK (DFFR_X1)
     2   10.1217    0.0272    0.1367    1.6367 ^ _3_/Q (DFFR_X1)
                    0.0272    0.0000    1.6367 ^ _4_/A (BUF_X8)
     1    1.1283    0.0048    0.0216    1.6582 ^ _4_/Z (BUF_X8)
                    0.0048    0.0000    1.6582 ^ _2_/D (DFFR_X1)
                                        1.6582   data arrival time

                    0.0000   15.0000   15.0000   clock CLK_G (rise edge)
                              0.0000   15.0000   clock network delay (ideal)
                              0.0000   15.0000   clock reconvergence pessimism
                                       15.0000 ^ _2_/CK (DFFR_X1)
                             -0.5000   14.5000   library setup time
                                       14.5000   data required time
-------------------------------------------------------------------------------------
                                       14.5000   data required time
                                       -1.6582   data arrival time
-------------------------------------------------------------------------------------
                                       12.8418   slack (MET)


